
> react-example@0.0.0 build
> vite build

vite v6.4.2 building for production...
transforming...
✓ 2928 modules transformed.
rendering chunks...
[plugin vite:reporter] 
(!) /Users/sameralhalaki/Desktop/urkio-web-test/node_modules/firebase/messaging/dist/esm/index.esm.js is dynamically imported by /Users/sameralhalaki/Desktop/urkio-web-test/src/components/notifications/NotificationCenter.tsx but also statically imported by /Users/sameralhalaki/Desktop/urkio-web-test/src/firebase.ts, /Users/sameralhalaki/Desktop/urkio-web-test/src/hooks/useWebPushNotifications.ts, dynamic import will not move module into another chunk.

[plugin vite:reporter] 
(!) /Users/sameralhalaki/Desktop/urkio-web-test/src/firebase.ts is dynamically imported by /Users/sameralhalaki/Desktop/urkio-web-test/src/components/notifications/NotificationCenter.tsx but also statically imported by /Users/sameralhalaki/Desktop/urkio-web-test/src/App.tsx, /Users/sameralhalaki/Desktop/urkio-web-test/src/components/AdminDashboardFeed.tsx, /Users/sameralhalaki/Desktop/urkio-web-test/src/components/BookSessionModal.tsx, /Users/sameralhalaki/Desktop/urkio-web-test/src/components/CreateEventModal.tsx, /Users/sameralhalaki/Desktop/urkio-web-test/src/components/EventDetailsModal.tsx, /Users/sameralhalaki/Desktop/urkio-web-test/src/components/FollowButton.tsx, /Users/sameralhalaki/Desktop/urkio-web-test/src/components/FollowsModal.tsx, /Users/sameralhalaki/Desktop/urkio-web-test/src/components/GlobalSearch.tsx, /Users/sameralhalaki/Desktop/urkio-web-test/src/components/GoLiveModal.tsx, /Users/sameralhalaki/Desktop/urkio-web-test/src/components/InteractionsModal.tsx, /Users/sameralhalaki/Desktop/urkio-web-test/src/components/Layout.tsx, /Users/sameralhalaki/Desktop/urkio-web-test/src/components/NewAppointmentModal.tsx, /Users/sameralhalaki/Desktop/urkio-web-test/src/components/OnboardingModal.tsx, /Users/sameralhalaki/Desktop/urkio-web-test/src/components/OnlinePresenceHome.tsx, /Users/sameralhalaki/Desktop/urkio-web-test/src/components/PostSessionDebrief.tsx, /Users/sameralhalaki/Desktop/urkio-web-test/src/components/Sidebar.tsx, /Users/sameralhalaki/Desktop/urkio-web-test/src/components/SignInModal.tsx, /Users/sameralhalaki/Desktop/urkio-web-test/src/components/messaging/ChatWindow.tsx, /Users/sameralhalaki/Desktop/urkio-web-test/src/components/messaging/NewMessageModal.tsx, /Users/sameralhalaki/Desktop/urkio-web-test/src/components/messaging/SessionInviteModal.tsx, /Users/sameralhalaki/Desktop/urkio-web-test/src/components/messaging/SideChat.tsx, /Users/sameralhalaki/Desktop/urkio-web-test/src/components/messaging/SimpleLiveChat.tsx, /Users/sameralhalaki/Desktop/urkio-web-test/src/components/messaging/StreamCallRoom.tsx, /Users/sameralhalaki/Desktop/urkio-web-test/src/components/notifications/NotificationCenter.tsx, /Users/sameralhalaki/Desktop/urkio-web-test/src/components/profile/ArticleCreatorModal.tsx, /Users/sameralhalaki/Desktop/urkio-web-test/src/components/profile/CommentsSection.tsx, /Users/sameralhalaki/Desktop/urkio-web-test/src/components/profile/FeedPost.tsx, /Users/sameralhalaki/Desktop/urkio-web-test/src/components/profile/PostCreator.tsx, /Users/sameralhalaki/Desktop/urkio-web-test/src/components/profile/ResumeOverlay.tsx, /Users/sameralhalaki/Desktop/urkio-web-test/src/components/profile/StoryBar.tsx, /Users/sameralhalaki/Desktop/urkio-web-test/src/components/profile/UserProfileEditor.tsx, /Users/sameralhalaki/Desktop/urkio-web-test/src/components/security/SessionTimeout.tsx, /Users/sameralhalaki/Desktop/urkio-web-test/src/contexts/CallContext.tsx, /Users/sameralhalaki/Desktop/urkio-web-test/src/healing-suite/pages/HealingRoom.tsx, /Users/sameralhalaki/Desktop/urkio-web-test/src/hooks/useSessionMetadata.ts, /Users/sameralhalaki/Desktop/urkio-web-test/src/hooks/useWebPushNotifications.ts, /Users/sameralhalaki/Desktop/urkio-web-test/src/pages/AdminBetaInsights.tsx, /Users/sameralhalaki/Desktop/urkio-web-test/src/pages/AdminDashboard.tsx, /Users/sameralhalaki/Desktop/urkio-web-test/src/pages/AdminPortal.tsx, /Users/sameralhalaki/Desktop/urkio-web-test/src/pages/Agenda.tsx, /Users/sameralhalaki/Desktop/urkio-web-test/src/pages/AuthAction.tsx, /Users/sameralhalaki/Desktop/urkio-web-test/src/pages/ClinicalWorkstation.tsx, /Users/sameralhalaki/Desktop/urkio-web-test/src/pages/Events.tsx, /Users/sameralhalaki/Desktop/urkio-web-test/src/pages/ExpertList.tsx, /Users/sameralhalaki/Desktop/urkio-web-test/src/pages/ExpertVerificationForm.tsx, /Users/sameralhalaki/Desktop/urkio-web-test/src/pages/HealingCenter.tsx, /Users/sameralhalaki/Desktop/urkio-web-test/src/pages/HealingCourses.tsx, /Users/sameralhalaki/Desktop/urkio-web-test/src/pages/Home.tsx, /Users/sameralhalaki/Desktop/urkio-web-test/src/pages/Homii.tsx, /Users/sameralhalaki/Desktop/urkio-web-test/src/pages/Messenger.tsx, /Users/sameralhalaki/Desktop/urkio-web-test/src/pages/PatientJourney.tsx, /Users/sameralhalaki/Desktop/urkio-web-test/src/pages/PublicProfile.tsx, /Users/sameralhalaki/Desktop/urkio-web-test/src/pages/SecretVault.tsx, /Users/sameralhalaki/Desktop/urkio-web-test/src/pages/Settings.tsx, /Users/sameralhalaki/Desktop/urkio-web-test/src/pages/SpecialistDashboard.tsx, /Users/sameralhalaki/Desktop/urkio-web-test/src/pages/Tasks.tsx, /Users/sameralhalaki/Desktop/urkio-web-test/src/pages/TermsAndConditions.tsx, /Users/sameralhalaki/Desktop/urkio-web-test/src/pages/TherapyRoom.tsx, /Users/sameralhalaki/Desktop/urkio-web-test/src/utils/seedInvites.ts, /Users/sameralhalaki/Desktop/urkio-web-test/src/utils/specialistProvisioning.ts, dynamic import will not move module into another chunk.

computing gzip size...
dist/index.html                                             1.60 kB │ gzip:   0.75 kB
dist/assets/index-CPEZOasD.css                            436.52 kB │ gzip:  63.28 kB
dist/assets/seedInvites-BcDZYAKu.js                         1.00 kB │ gzip:   0.68 kB
dist/assets/specialistProvisioning-Cj8Bw2Xj.js              1.06 kB │ gzip:   0.62 kB
dist/assets/VideoTile-CVzcWlvE.js                           2.36 kB │ gzip:   1.02 kB
dist/assets/AdminBetaInsights-Fd7Pug18.js                   6.88 kB │ gzip:   2.24 kB
dist/assets/HealingCourses-D4fuUKbk.js                      8.43 kB │ gzip:   3.05 kB
dist/assets/ExpertDashboard-Mbet2iSB.js                     9.72 kB │ gzip:   3.29 kB
dist/assets/UrkioGuide-BMo-ingX.js                         10.02 kB │ gzip:   3.74 kB
dist/assets/ExpertList-riZmVYjM.js                         10.32 kB │ gzip:   3.32 kB
dist/assets/AdminPortal-bhEAM3pX.js                        12.13 kB │ gzip:   3.57 kB
dist/assets/ExpertVerificationForm-wcxGK9SY.js             12.13 kB │ gzip:   3.34 kB
dist/assets/SecretVault-BZ4AbIPG.js                        14.72 kB │ gzip:   4.39 kB
dist/assets/HealingCenter-Dg5fEueq.js                      15.26 kB │ gzip:   4.45 kB
dist/assets/LiveStreamStudio-C40v3tp4.js                   15.44 kB │ gzip:   4.02 kB
dist/assets/Homii-J0rzGptz.js                              15.56 kB │ gzip:   4.79 kB
dist/assets/Messenger-KKnENWVm.js                          18.20 kB │ gzip:   5.19 kB
dist/assets/SpecialistDashboard-C_TrVd94.js                18.27 kB │ gzip:   5.00 kB
dist/assets/Agenda-DiYspj-9.js                             20.61 kB │ gzip:   5.49 kB
dist/assets/TherapyRoom-DiP6CbLJ.js                        21.38 kB │ gzip:   5.66 kB
dist/assets/LandingPage-BJqXbzmF.js                        25.06 kB │ gzip:   6.44 kB
dist/assets/HealingRoom-Ci_7Ti1f.js                        29.52 kB │ gzip:   8.92 kB
dist/assets/ClinicalWorkstation-D13xHbqZ.js                37.60 kB │ gzip:  10.24 kB
dist/assets/vendor-react-BxrQM6YO.js                       49.94 kB │ gzip:  17.63 kB
dist/assets/AdminDashboard-60KNa_c2.js                     57.14 kB │ gzip:  12.17 kB
dist/assets/vendor-ui-t9_8Y9kU.js                          79.17 kB │ gzip:  18.04 kB
dist/assets/latency-chart-Bj5OSYzg.es-BIDx-jK0.js         131.89 kB │ gzip:  47.04 kB
dist/assets/PublicProfile-BHQKF_fd.js                     138.57 kB │ gzip:  32.23 kB
dist/assets/background-filters-RdXfNf6_.es-D9RpdL4t.js    191.10 kB │ gzip:  55.79 kB
dist/assets/vendor-firebase-D_PYanOv.js                   598.40 kB │ gzip: 142.25 kB
dist/assets/useHealingSession-Dg97mb74.js               1,532.57 kB │ gzip: 420.37 kB
dist/assets/index-Dnwd3k_h.js                           1,664.74 kB │ gzip: 482.49 kB

(!) Some chunks are larger than 1000 kB after minification. Consider:
- Using dynamic import() to code-split the application
- Use build.rollupOptions.output.manualChunks to improve chunking: https://rollupjs.org/configuration-options/#output-manualchunks
- Adjust chunk size limit for this warning via build.chunkSizeWarningLimit.
✓ built in 6.32s
